main.c:143:5:Rgb565ConvertBmp	104	static
main.c:206:6:for_delay_us	24	static,ignoring_inline_asm
main.c:217:16:ETX_MSC_ProcessUsbDevice	8328	static
main.c:278:16:ETX_MSC_ProcessUsbDevice2	8336	static
main.c:378:5:main	16	static
main.c:456:6:SystemClock_Config	88	static
main.c:501:13:MX_DCMI_Init	8	static
main.c:537:13:MX_UART5_Init	8	static
main.c:568:13:MX_DMA_Init	16	static
main.c:586:13:MX_GPIO_Init	64	static
main.c:651:13:MX_FSMC_Init	40	static
main.c:706:6:DCMI_DMA_MemInc_En	8	static
main.c:715:6:DCMI_DMA_MemInc_Den	8	static
main.c:723:6:PY_OV2640_RGB565_CONFIG	8	static
main.c:761:6:Error_Handler	4	static,ignoring_inline_asm
